============================= test session starts =============================
platform win32 -- Python 3.13.5, pytest-8.4.2, pluggy-1.6.0
rootdir: C:\Users\stand\Desktop\etf_webapp
configfile: pyproject.toml
plugins: anyio-4.9.0
collected 0 items / 1 error

=================================== ERRORS ====================================
_________________ ERROR collecting tests/test_calculations.py _________________
ImportError while importing test module 'C:\Users\stand\Desktop\etf_webapp\tests\test_calculations.py'.
Hint: make sure your test modules/packages have valid Python names.
Traceback:
C:\Python313\Lib\importlib\__init__.py:88: in import_module
    return _bootstrap._gcd_import(name[level:], package, level)
           ^^^^^^^^^^^^^^^^^^^^^^^^^^^^^^^^^^^^^^^^^^^^^^^^^^^^
tests\test_calculations.py:10: in <module>
    from main import (
E   ImportError: cannot import name 'RISK_FREE_RATE' from 'main' (C:\Users\stand\Desktop\etf_webapp\main.py)
============================== warnings summary ===============================
..\..\AppData\Roaming\Python\Python313\site-packages\pydantic\_internal\_config.py:323
  C:\Users\stand\AppData\Roaming\Python\Python313\site-packages\pydantic\_internal\_config.py:323: PydanticDeprecatedSince20: Support for class-based `config` is deprecated, use ConfigDict instead. Deprecated in Pydantic V2.0 to be removed in V3.0. See Pydantic V2 Migration Guide at https://errors.pydantic.dev/2.11/migration/
    warnings.warn(DEPRECATION_MESSAGE, DeprecationWarning)

-- Docs: https://docs.pytest.org/en/stable/how-to/capture-warnings.html
=========================== short test summary info ===========================
ERROR tests/test_calculations.py
!!!!!!!!!!!!!!!!!!! Interrupted: 1 error during collection !!!!!!!!!!!!!!!!!!!!
========================= 1 warning, 1 error in 3.61s =========================
